------------------------------------------------------------
TimeQuest Timing Analyzer Summary
------------------------------------------------------------

Type  : Slow Model Setup 'clk27M'
Slack : -4.290
TNS   : -753.144

Type  : Slow Model Setup 'slow_clock'
Slack : -3.193
TNS   : -21.418

Type  : Slow Model Setup 'vga_component|divider|altpll_component|pll|clk[0]'
Slack : 31.255
TNS   : 0.000

Type  : Slow Model Hold 'clk27M'
Slack : -2.644
TNS   : -2.644

Type  : Slow Model Hold 'slow_clock'
Slack : 0.445
TNS   : 0.000

Type  : Slow Model Hold 'vga_component|divider|altpll_component|pll|clk[0]'
Slack : 0.793
TNS   : 0.000

Type  : Slow Model Minimum Pulse Width 'slow_clock'
Slack : -0.611
TNS   : -20.774

Type  : Slow Model Minimum Pulse Width 'clk27M'
Slack : 15.954
TNS   : 0.000

Type  : Slow Model Minimum Pulse Width 'vga_component|divider|altpll_component|pll|clk[0]'
Slack : 17.277
TNS   : 0.000

Type  : Fast Model Setup 'clk27M'
Slack : -1.690
TNS   : -288.400

Type  : Fast Model Setup 'slow_clock'
Slack : -0.665
TNS   : -1.658

Type  : Fast Model Setup 'vga_component|divider|altpll_component|pll|clk[0]'
Slack : 36.432
TNS   : 0.000

Type  : Fast Model Hold 'clk27M'
Slack : -1.678
TNS   : -1.678

Type  : Fast Model Hold 'slow_clock'
Slack : 0.215
TNS   : 0.000

Type  : Fast Model Hold 'vga_component|divider|altpll_component|pll|clk[0]'
Slack : 0.330
TNS   : 0.000

Type  : Fast Model Minimum Pulse Width 'slow_clock'
Slack : -0.500
TNS   : -17.000

Type  : Fast Model Minimum Pulse Width 'clk27M'
Slack : 16.138
TNS   : 0.000

Type  : Fast Model Minimum Pulse Width 'vga_component|divider|altpll_component|pll|clk[0]'
Slack : 17.714
TNS   : 0.000

------------------------------------------------------------
